# Build Fields
MANUFACTURER=Google
MODEL=Pixel 8 Pro
FINGERPRINT=google/husky_beta/husky:CANARY/ZP11.260123.011/14822050:user/release-keys
BRAND=google
PRODUCT=husky_beta
DEVICE=husky
RELEASE=CANARY
ID=ZP11.260123.011
INCREMENTAL=14822050
TYPE=user
TAGS=release-keys
SECURITY_PATCH=2026-02-05
DEVICE_INITIAL_SDK_INT=32

# System Properties
*.build.id=ZP11.260123.011
*.security_patch=2026-02-05
*api_level=32

# Advanced Settings
spoofBuild=1
spoofProps=1
spoofProvider=0
spoofSignature=0
spoofVendingFinger=0
spoofVendingSdk=0
verboseLogs=0

# Canary Released: 2026-02-12
# Estimated Expiry: 2026-03-26