# Build Fields
MANUFACTURER=Google
MODEL=Pixel 10 Pro XL
FINGERPRINT=google/mustang_beta/mustang:CANARY/ZP11.260220.007/14993212:user/release-keys
BRAND=google
PRODUCT=mustang_beta
DEVICE=mustang
RELEASE=CANARY
ID=ZP11.260220.007
INCREMENTAL=14993212
TYPE=user
TAGS=release-keys
SECURITY_PATCH=2026-03-05
DEVICE_INITIAL_SDK_INT=32

# System Properties
*.build.id=ZP11.260220.007
*.security_patch=2026-03-05
*api_level=32

# Advanced Settings
spoofBuild=1
spoofProps=1
spoofProvider=0
spoofSignature=1
spoofVendingFinger=0
spoofVendingSdk=0
verboseLogs=0

# 🚩 Telegram : @MRootSu ✅